testing the auto PR 
